2026-07-14T18:03:40.088583Z  INFO herdr::logging: herdr starting event="app.startup" subsystem="client" outcome="started" pid=86525
2026-07-14T18:03:40.088692Z  INFO herdr::client: connecting to server path=/Users/collinsjere/.config/herdr/herdr-client.sock
2026-07-14T18:03:40.339183Z  INFO herdr::client: handshake succeeded version=16 encoding=SemanticFrame
2026-07-14T18:04:20.997136Z  INFO herdr::logging: herdr exiting event="app.shutdown" subsystem="client" outcome="completed" pid=86525
2026-07-14T18:08:21.076628Z  INFO herdr::logging: herdr starting event="app.startup" subsystem="client" outcome="started" pid=89233
2026-07-14T18:08:21.076947Z  INFO herdr::client: connecting to server path=/Users/collinsjere/.config/herdr/herdr-client.sock
2026-07-14T18:08:21.142863Z  INFO herdr::client: handshake succeeded version=16 encoding=SemanticFrame
2026-07-14T18:08:27.893085Z  INFO herdr::logging: herdr exiting event="app.shutdown" subsystem="client" outcome="completed" pid=89233
2026-07-14T18:08:45.166391Z  INFO herdr::logging: herdr starting event="app.startup" subsystem="client" outcome="started" pid=89276
2026-07-14T18:08:45.166452Z  INFO herdr::client: connecting to server path=/Users/collinsjere/.config/herdr/herdr-client.sock
2026-07-14T18:08:45.342530Z  INFO herdr::client: handshake succeeded version=16 encoding=SemanticFrame
2026-07-14T18:25:05.341731Z  INFO herdr::logging: herdr exiting event="app.shutdown" subsystem="client" outcome="completed" pid=89276
2026-07-14T18:25:17.784257Z  INFO herdr::logging: herdr starting event="app.startup" subsystem="client" outcome="started" pid=93881
2026-07-14T18:25:17.784296Z  INFO herdr::client: connecting to server path=/Users/collinsjere/.config/herdr/herdr-client.sock
2026-07-14T18:25:17.998474Z  INFO herdr::client: handshake succeeded version=16 encoding=SemanticFrame
2026-07-15T11:48:14.081532Z  INFO herdr::logging: herdr starting event="app.startup" subsystem="client" outcome="started" pid=81676
2026-07-15T11:48:14.081585Z  INFO herdr::client: connecting to server path=/Users/collinsjere/.config/herdr/herdr-client.sock
2026-07-15T11:48:14.237769Z  INFO herdr::client: handshake succeeded version=16 encoding=SemanticFrame
2026-07-15T11:48:28.321637Z  WARN herdr::raw_input: flushing lone escape after input timeout; if this follows an alt chord or focus switch it may reach the pane as plain esc bytes=[27]
2026-07-15T11:48:28.322272Z  WARN herdr::raw_input: flushing lone escape after input timeout; if this follows an alt chord or focus switch it may reach the pane as plain esc bytes=[27]
2026-07-15T11:48:28.555368Z  WARN herdr::raw_input: flushing lone escape after input timeout; if this follows an alt chord or focus switch it may reach the pane as plain esc bytes=[27]
2026-07-15T11:48:28.555513Z  WARN herdr::raw_input: flushing lone escape after input timeout; if this follows an alt chord or focus switch it may reach the pane as plain esc bytes=[27]
2026-07-15T11:48:32.622845Z  WARN herdr::raw_input: flushing lone escape after input timeout; if this follows an alt chord or focus switch it may reach the pane as plain esc bytes=[27]
2026-07-15T11:48:32.622981Z  WARN herdr::raw_input: flushing lone escape after input timeout; if this follows an alt chord or focus switch it may reach the pane as plain esc bytes=[27]
2026-07-15T12:10:24.505238Z  INFO herdr::logging: herdr starting event="app.startup" subsystem="client" outcome="started" pid=83755
2026-07-15T12:10:24.505332Z  INFO herdr::client: connecting to server path=/Users/collinsjere/.config/herdr/herdr-client.sock
2026-07-15T12:10:24.560284Z  INFO herdr::client: handshake succeeded version=16 encoding=SemanticFrame
2026-07-20T17:33:40.882920Z  INFO herdr::logging: herdr exiting event="app.shutdown" subsystem="client" outcome="completed" pid=83755
2026-07-20T18:00:28.633550Z  INFO herdr::logging: herdr starting event="app.startup" subsystem="client" outcome="started" pid=5640
2026-07-20T18:00:28.635882Z  INFO herdr::client: connecting to server path=/Users/collinsjere/.config/herdr/herdr-client.sock
2026-07-20T18:00:28.848877Z  INFO herdr::client: handshake succeeded version=16 encoding=SemanticFrame
